2026-06-26 12:22:52,195 [INFO] === Job tracker run started ===
2026-06-26 12:22:52,195 [INFO] No state file found — first run, seeding baseline.
2026-06-26 12:22:52,195 [INFO] Fetching SimplifyJobs...
2026-06-26 12:22:53,065 [INFO] SimplifyJobs: found 579 open URLs total.
2026-06-26 12:22:53,065 [INFO] SimplifyJobs: 579 new URL(s) since last run.
2026-06-26 12:22:53,065 [INFO] Fetching vanshb03...
2026-06-26 12:22:53,785 [INFO] vanshb03: found 606 open URLs total.
2026-06-26 12:22:53,785 [INFO] vanshb03: 606 new URL(s) since last run.
2026-06-26 12:22:53,785 [INFO] Fetching zapplyjobs...
2026-06-26 12:22:54,055 [INFO] zapplyjobs: found 392 open URLs total.
2026-06-26 12:22:54,056 [INFO] zapplyjobs: 392 new URL(s) since last run.
2026-06-26 12:22:54,056 [INFO] Fetching ambicuity...
2026-06-26 12:22:54,456 [INFO] ambicuity: found 1011 open URLs total.
2026-06-26 12:22:54,456 [INFO] ambicuity: 1011 new URL(s) since last run.
2026-06-26 12:22:54,456 [INFO] First run — baseline seeded, no notifications sent.
2026-06-26 12:22:54,470 [INFO] State saved.
2026-06-26 12:22:54,470 [INFO] === Run complete ===

2026-06-26 07:46:51,467 [INFO] === Job tracker run started ===
2026-06-26 07:46:51,474 [INFO] Fetching SimplifyJobs...
2026-06-26 07:46:52,196 [INFO] SimplifyJobs: found 579 open URLs total.
2026-06-26 07:46:52,196 [INFO] SimplifyJobs: 0 new URL(s) since last run.
2026-06-26 07:46:52,197 [INFO] Fetching vanshb03...
2026-06-26 07:46:52,409 [INFO] vanshb03: found 606 open URLs total.
2026-06-26 07:46:52,409 [INFO] vanshb03: 0 new URL(s) since last run.
2026-06-26 07:46:52,409 [INFO] Fetching zapplyjobs...
2026-06-26 07:46:52,525 [INFO] zapplyjobs: found 389 open URLs total.
2026-06-26 07:46:52,526 [INFO] zapplyjobs: 64 new URL(s) since last run.
2026-06-26 07:46:52,526 [INFO] Fetching ambicuity...
2026-06-26 07:46:52,629 [INFO] ambicuity: found 1011 open URLs total.
2026-06-26 07:46:52,629 [INFO] ambicuity: 0 new URL(s) since last run.
2026-06-26 07:46:52,630 [INFO] Email notification skipped: EMAIL_FROM, EMAIL_TO, or EMAIL_PASS not set.
2026-06-26 07:46:52,843 [INFO] ntfy notification sent.
2026-06-26 07:46:52,858 [INFO] State saved.
2026-06-26 07:46:52,859 [INFO] === Run complete ===

2026-06-26 07:49:58,675 [INFO] === Job tracker run started ===
2026-06-26 07:49:58,679 [INFO] Fetching SimplifyJobs...
2026-06-26 07:49:59,302 [INFO] SimplifyJobs: found 579 open URLs total.
2026-06-26 07:49:59,302 [INFO] SimplifyJobs: 0 new URL(s) since last run.
2026-06-26 07:49:59,302 [INFO] Fetching vanshb03...
2026-06-26 07:49:59,540 [INFO] vanshb03: found 606 open URLs total.
2026-06-26 07:49:59,540 [INFO] vanshb03: 0 new URL(s) since last run.
2026-06-26 07:49:59,540 [INFO] Fetching zapplyjobs...
2026-06-26 07:49:59,652 [INFO] zapplyjobs: found 389 open URLs total.
2026-06-26 07:49:59,653 [INFO] zapplyjobs: 0 new URL(s) since last run.
2026-06-26 07:49:59,653 [INFO] Fetching ambicuity...
2026-06-26 07:49:59,813 [INFO] ambicuity: found 1011 open URLs total.
2026-06-26 07:49:59,813 [INFO] ambicuity: 0 new URL(s) since last run.
2026-06-26 07:49:59,813 [INFO] No new jobs found this run.
2026-06-26 07:49:59,826 [INFO] State saved.
2026-06-26 07:49:59,826 [INFO] === Run complete ===

